<li><a href="/category">Category</a></li><li><a href="/category-one">Category One</a><ul><li><a href="/category-one/category-two">Category One / Category Two</a></li></ul></li>
