<li><a href="/parent">Parent</a><ul><li><a href="/parent/child">Parent / Child</a></li></ul></li><li><a href="/some-category">Some Category</a></li>
